12:47:22 ENTER: queued interrupt msg='its found at /gemmaco-key/domain-hunter on this VM', agent_running=True
12:47:22 interrupt fired: msg='its found at /gemmaco-key/domain-hunter on this VM', children=0, parent._interrupt=True
13:21:39 interrupt fired: msg='this was our last correspondence \n[Pasted text #1: 193 lines', children=0, parent._interrupt=True
13:21:39 ENTER: queued interrupt msg='this was our last correspondence \n[Pasted text #1: 193 lines', agent_running=True
13:35:17 interrupt fired: msg='update?', children=1, parent._interrupt=True
  child[0]._interrupt=True
13:35:17 ENTER: queued interrupt msg='update?', agent_running=True
14:10:04 interrupt fired: msg='status?', children=1, parent._interrupt=True
  child[0]._interrupt=True
14:10:04 ENTER: queued interrupt msg='status?', agent_running=True
15:50:05 interrupt fired: msg='the stan account is stelartechos@gmail.com pw - Hermes123!', children=0, parent._interrupt=True
15:50:05 ENTER: queued interrupt msg='the stan account is stelartechos@gmail.com pw - Hermes123!', agent_running=True
16:42:11 interrupt fired: msg='once you are past the blocker on chrome stop and update me', children=0, parent._interrupt=True
16:42:11 ENTER: queued interrupt msg='once you are past the blocker on chrome stop and update me', agent_running=True
17:35:47 interrupt fired: msg='sorry need permissions?', children=0, parent._interrupt=True
17:35:47 ENTER: queued interrupt msg='sorry need permissions?', agent_running=True
17:36:20 interrupt fired: msg='iwas away and the request timedout', children=0, parent._interrupt=True
17:36:20 ENTER: queued interrupt msg='iwas away and the request timedout', agent_running=True
19:49:12 interrupt fired: msg='give me a handoff file in markdown and update repo docs - wi', children=1, parent._interrupt=True
  child[0]._interrupt=True
19:49:12 ENTER: queued interrupt msg='give me a handoff file in markdown and update repo docs - wi', agent_running=True
14:19:57 interrupt fired: msg='give me a PLAN FIRST', children=0, parent._interrupt=True
14:19:57 ENTER: queued interrupt msg='give me a PLAN FIRST', agent_running=True
14:26:07 ENTER: queued interrupt msg='stop', agent_running=True
14:26:07 interrupt fired: msg='stop', children=0, parent._interrupt=True
15:51:49 ENTER: queued interrupt msg='gemma 4 27b', agent_running=True
15:51:49 interrupt fired: msg='gemma 4 27b', children=0, parent._interrupt=True
15:52:25 ENTER: queued interrupt msg='Gemma-4-26B-A4B-it specifically', agent_running=True
15:52:25 interrupt fired: msg='Gemma-4-26B-A4B-it specifically', children=0, parent._interrupt=True
15:59:46 ENTER: queued interrupt msg='msg=interrupt give me a handoff.md please', agent_running=True
15:59:46 interrupt fired: msg='msg=interrupt give me a handoff.md please', children=0, parent._interrupt=True
16:46:52 interrupt fired: msg='the previous build guide may not be accurate so iterate slig', children=0, parent._interrupt=True
16:46:52 ENTER: queued interrupt msg='the previous build guide may not be accurate so iterate slig', agent_running=True
16:48:32 ENTER: queued interrupt msg='then use the Hermes-workspace to create swarms to complete. ', agent_running=True
16:48:32 interrupt fired: msg='then use the Hermes-workspace to create swarms to complete. ', children=0, parent._interrupt=True
16:55:12 ENTER: queued interrupt msg='https://github.com/robs46859-eng/navigate.git', agent_running=True
16:55:12 interrupt fired: msg='https://github.com/robs46859-eng/navigate.git', children=0, parent._interrupt=True
16:58:12 interrupt fired: msg='aer you using the swarms to save token', children=0, parent._interrupt=True
16:58:12 ENTER: queued interrupt msg='aer you using the swarms to save token', agent_running=True
17:05:43 interrupt fired: msg='update?', children=1, parent._interrupt=True
  child[0]._interrupt=True
17:05:43 ENTER: queued interrupt msg='update?', agent_running=True
17:23:35 interrupt fired: msg='when fininshed phase 3 give me a new handoff.md for the buil', children=0, parent._interrupt=True
17:23:35 ENTER: queued interrupt msg='when fininshed phase 3 give me a new handoff.md for the buil', agent_running=True
18:14:24 interrupt fired: msg='[Pasted text #1: 20 lines → /home/azureuser/.hermes/pastes/p', children=0, parent._interrupt=True
18:14:24 ENTER: queued interrupt msg='[Pasted text #1: 20 lines → /home/azureuser/.hermes/pastes/p', agent_running=True
18:19:38 interrupt fired: msg='it nmight be 4 26', children=0, parent._interrupt=True
18:19:38 ENTER: queued interrupt msg='it nmight be 4 26', agent_running=True
18:20:06 interrupt fired: msg='must be gemma 4 models', children=0, parent._interrupt=True
18:20:06 ENTER: queued interrupt msg='must be gemma 4 models', agent_running=True
